// Jest Snapshot v1, https://goo.gl/fbAQLP

exports[`renders 1`] = `
<div>
  <span>
    Hello
  </span>
   
  <span>
    World
  </span>
  !
</div>
`;
