// Jest Snapshot v1, https://goo.gl/fbAQLP

exports[`renders 1`] = `
<span
  className="time"
>
  a minute ago
</span>
`;
